// Jest Snapshot v1, https://goo.gl/fbAQLP

exports[`Example component should render correctly  1`] = `
<ContextConsumer>
  <Component />
</ContextConsumer>
`;

exports[`MyComponent should render correctly  1`] = `
<ContextConsumer>
  <Component />
</ContextConsumer>
`;
